// Jest Snapshot v1, https://goo.gl/fbAQLP

exports[`Contact Component should match the snapshot 1`] = `
<DocumentFragment>
  <div>
    <div>
      Mocked Contact Form
    </div>
  </div>
</DocumentFragment>
`;
